[amandoyoga.cl/index.html]
[backblue.gif]
[fade.gif]
[index.html]
[amandoyoga.cl/wp-includes/css/dist/block-library/style.min1eb7.css]
[amandoyoga.cl/feed/index.html]
[amandoyoga.cl/comments/feed/index.html]
[amandoyoga.cl/wp-content/plugins/contact-form-7/includes/css/styles77e1.css]
[use.fontawesome.com/releases/v5.0.13/css/all23c3.css]
[amandoyoga.cl/wp-content/themes/blade/stylec412.css]
[amandoyoga.cl/wp-content/themes/blade-child/stylec412.css]
[amandoyoga.cl/wp-content/themes/blade/css/font-awesome.min1849.css]
[amandoyoga.cl/wp-content/themes/blade/css/basic7558.css]
[amandoyoga.cl/wp-content/themes/blade/css/grid7558.css]
[amandoyoga.cl/wp-content/themes/blade/css/theme-style7558.css]
[amandoyoga.cl/wp-content/themes/blade/css/elements7558.css]
[amandoyoga.cl/wp-content/themes/blade-child/style7558.css]
[amandoyoga.cl/wp-content/themes/blade/css/responsive7558.css]
[amandoyoga.cl/wp-content/plugins/js_composer/assets/css/js_composer.mine1b2.css]
[amandoyoga.cl/wp-includes/js/jquery/jquery.minaf6c.js]
[amandoyoga.cl/wp-includes/js/jquery/jquery-migrate.mind617.js]
[amandoyoga.cl/wp-content/themes/blade/js/modernizr.customf7ff.js]
[amandoyoga.cl/wp-json/wp/v2/pages/29.json]
[amandoyoga.cl/wp-json/index.html]
[amandoyoga.cl/xmlrpc0db0.php]
[amandoyoga.cl/wp-includes/wlwmanifest.xml]
[amandoyoga.cl/wp-json/oembed/1.0/embedcb9c.json]
[amandoyoga.cl/wp-json/oembed/1.0/embed20fb]
[amandoyoga.cl/wp-content/uploads/2022/10/favicon-100x100.png]
[amandoyoga.cl/wp-content/uploads/2022/10/favicon.png]
[amandoyoga.cl/wp-content/uploads/2022/10/Logo.png]
[amandoyoga.cl/wp-content/themes/blade/images/logos/logo-light.png]
[amandoyoga.cl/wp-content/themes/blade/images/logos/logo-dark.png]
[amandoyoga.cl/wp-content/plugins/revslider/public/assets/assets/dummy.png]
[amandoyoga.cl/wp-content/uploads/2022/10/favicon-150x150.png]
[amandoyoga.cl/wp-content/uploads/2022/11/Arriendos-1366x235.png]
[amandoyoga.cl/wp-content/uploads/2022/11/AY-F16.png]
[amandoyoga.cl/wp-content/uploads/2022/11/AY-F3.png]
[amandoyoga.cl/wp-content/uploads/2022/11/AY-F6.png]
[amandoyoga.cl/wp-content/uploads/2022/11/AY-F14.png]
[amandoyoga.cl/wp-content/uploads/2022/11/AY-F12.png]
[amandoyoga.cl/wp-content/uploads/2022/11/AY-F9.png]
[amandoyoga.cl/wp-content/uploads/2022/11/AY-F17.png]
[amandoyoga.cl/wp-content/uploads/2022/11/AY-F15.png]
[amandoyoga.cl/wp-content/uploads/2022/11/AY-F13.png]
[amandoyoga.cl/wp-content/uploads/2022/11/AY-F11.png]
[amandoyoga.cl/wp-content/uploads/2022/11/AY-F10.png]
[amandoyoga.cl/wp-content/uploads/2022/11/AY-F8.png]
[amandoyoga.cl/wp-content/uploads/2022/11/AY-F7.png]
[amandoyoga.cl/wp-content/uploads/2022/11/AY-F5.png]
[amandoyoga.cl/wp-content/uploads/2022/11/AY-F1.png]
[amandoyoga.cl/wp-content/uploads/2022/11/AY-F2.png]
[amandoyoga.cl/wp-content/uploads/2022/11/AY-F4.png]
[amandoyoga.cl/wp-content/uploads/2022/11/Terapias.png]
[amandoyoga.cl/wp-content/themes/blade-child/img/acupuntura.png]
[amandoyoga.cl/wp-content/themes/blade-child/img/Virginia-Castro.png]
[amandoyoga.cl/wp-content/themes/blade-child/img/biomagnetismo.png]
[amandoyoga.cl/wp-content/themes/blade-child/img/fonoaudiologia.png]
[amandoyoga.cl/wp-content/themes/blade-child/img/Jennifer-Farías.png]
[amandoyoga.cl/wp-content/themes/blade-child/img/kinesionologia.png]
[amandoyoga.cl/wp-content/themes/blade-child/img/Maria-Loreto-Diaz-Aguilera.png]
[amandoyoga.cl/wp-content/themes/blade-child/img/psicologia.png]
[amandoyoga.cl/wp-content/themes/blade-child/img/Cynthia-Christensen.png]
[amandoyoga.cl/wp-content/themes/blade-child/img/Paula-Meric.png]
[amandoyoga.cl/wp-content/themes/blade-child/img/Monica-Villavicencio.png]
[amandoyoga.cl/wp-content/themes/blade-child/img/Fernanda-Castañeda.png]
[amandoyoga.cl/wp-content/themes/blade-child/img/Katherine-Esparza.png]
[amandoyoga.cl/wp-content/themes/blade-child/img/Natalia-Villanueva.png]
[amandoyoga.cl/wp-content/themes/blade-child/img/reflexologia.png]
[amandoyoga.cl/wp-content/themes/blade-child/img/reiki.png]
[amandoyoga.cl/wp-content/themes/blade-child/img/Andrea-Zamora.png]
[amandoyoga.cl/wp-content/themes/blade-child/img/sonoterapia.png]
[amandoyoga.cl/wp-content/themes/blade-child/img/Paulo-Andrades-Bustos-v2.png]
[amandoyoga.cl/wp-content/themes/blade-child/img/ventosas.png]
[amandoyoga.cl/wp-content/themes/blade-child/img/chakras.png]
[amandoyoga.cl/wp-content/uploads/2022/11/Masajes-1366x235.png]
[amandoyoga.cl/wp-content/themes/blade-child/img/masaje-descontracturante.png]
[amandoyoga.cl/wp-content/themes/blade-child/img/masaje-craneal.png]
[amandoyoga.cl/wp-content/themes/blade-child/img/masaje-relajacion.png]
[amandoyoga.cl/wp-content/themes/blade-child/img/Teresa-Silva.png]
[amandoyoga.cl/wp-content/themes/blade-child/img/masaje-tailandes.png]
[amandoyoga.cl/wp-content/uploads/2022/11/Yoga-1366x235.png]
[amandoyoga.cl/wp-content/themes/blade-child/img/hatha-yoga.png]
[amandoyoga.cl/wp-content/themes/blade-child/img/Javiera-Soto.png]
[amandoyoga.cl/wp-content/themes/blade-child/img/yoga-integral.png]
[amandoyoga.cl/wp-content/themes/blade-child/img/Maria-Mentta.png]
[amandoyoga.cl/wp-content/themes/blade-child/img/yoga-niños.png]
[amandoyoga.cl/wp-content/themes/blade-child/img/logo-fav.png]
[amandoyoga.cl/wp-content/themes/blade-child/img/vinyasa-yoga.png]
[amandoyoga.cl/wp-content/themes/blade-child/img/pilates.png]
[amandoyoga.cl/wp-content/uploads/2022/11/Empresas-1366x235.png]
[amandoyoga.cl/wp-content/uploads/2022/11/Contacto-1366x235.png]
[amandoyoga.cl/wp-content/uploads/2022/11/Mapa.png]
[amandoyoga.cl/wp-content/uploads/2022/11/Icon-awesome-facebook.png]
[amandoyoga.cl/wp-content/uploads/2022/11/Icon-awesome-instagram.png]
[amandoyoga.cl/wp-content/uploads/2022/11/AmandoYoga.png]
[amandoyoga.cl/cdn-cgi/scripts/5c5dd728/cloudflare-static/email-decode.min.js]
[amandoyoga.cl/wp-content/plugins/js_composer/assets/lib/bower/font-awesome/css/v4-shims.mine1b2.css]
[amandoyoga.cl/wp-content/plugins/js_composer/assets/lib/bower/font-awesome/css/all.mine1b2.css]
[amandoyoga.cl/wp-content/plugins/revslider/public/assets/css/rs677e5.css]
[amandoyoga.cl/wp-content/plugins/contact-form-7/includes/swv/js/index77e1.js]
[amandoyoga.cl/wp-content/plugins/contact-form-7/includes/js/index77e1.js]
[amandoyoga.cl/wp-content/plugins/revslider/public/assets/js/rbtools.min8331.js]
[amandoyoga.cl/wp-content/plugins/revslider/public/assets/js/rs6.min77e5.js]
[amandoyoga.cl/wp-content/themes/blade/js/plugins7558.js]
[amandoyoga.cl/wp-content/themes/blade/js/main7558.js]
[amandoyoga.cl/wp-content/plugins/js_composer/assets/js/dist/js_composer_front.mine1b2.js]
[amandoyoga.cl/index.html]
[amandoyoga.cl/wp-includes/css/dist/block-library/style.min1eb7.css]
[amandoyoga.cl/wp-content/plugins/contact-form-7/includes/css/styles77e1.css]
[use.fontawesome.com/releases/v5.0.13/css/all23c3.css]
[amandoyoga.cl/wp-content/themes/blade/stylec412.css]
[amandoyoga.cl/wp-content/themes/blade-child/img/bg-flipBox.png]
[amandoyoga.cl/wp-content/themes/blade-child/stylec412.css]
[amandoyoga.cl/wp-content/themes/blade/fonts/fontawesome-webfont3e6e.eot]
[amandoyoga.cl/wp-content/themes/blade/fonts/fontawesome-webfontd41d.eot]
[amandoyoga.cl/wp-content/themes/blade/fonts/fontawesome-webfont3e6e.woff2]
[amandoyoga.cl/wp-content/themes/blade/fonts/fontawesome-webfont3e6e.woff]
[amandoyoga.cl/wp-content/themes/blade/fonts/fontawesome-webfont3e6e.ttf]
[amandoyoga.cl/wp-content/themes/blade/css/font-awesome.min1849.css]
[amandoyoga.cl/wp-content/themes/blade/css/basic7558.css]
[amandoyoga.cl/wp-content/themes/blade/css/grid7558.css]
[amandoyoga.cl/wp-content/themes/blade/fonts/fontawesome-webfont3e6e.svg]
[amandoyoga.cl/wp-content/themes/blade/images/graphics/select-icon.png]
[amandoyoga.cl/wp-content/themes/blade/images/graphics/pattern-1.png]
[amandoyoga.cl/wp-content/themes/blade/fonts/blade-fonts/blade-iconse209.eot]
[amandoyoga.cl/wp-content/themes/blade/fonts/blade-fonts/blade-iconsd41d.eot]
[amandoyoga.cl/wp-content/themes/blade/fonts/blade-fonts/blade-iconse209.woff]
[amandoyoga.cl/wp-content/themes/blade/fonts/blade-fonts/blade-iconse209.ttf]
[amandoyoga.cl/wp-content/themes/blade/fonts/blade-fonts/blade-iconse209.svg]
[amandoyoga.cl/wp-content/themes/blade/images/privacy/fallback-pattern.jpg]
[amandoyoga.cl/wp-content/themes/blade/css/theme-style7558.css]
[amandoyoga.cl/wp-content/themes/blade/images/graphics/grabbing.png]
[amandoyoga.cl/wp-content/themes/blade/css/elements7558.css]
[amandoyoga.cl/wp-content/themes/blade-child/style7558.css]
[amandoyoga.cl/wp-content/themes/blade/css/responsive7558.css]
[amandoyoga.cl/wp-content/plugins/js_composer/assets/vc/alert.png]
[amandoyoga.cl/wp-content/plugins/js_composer/assets/vc/info.png]
[amandoyoga.cl/wp-content/plugins/js_composer/assets/vc/tick.png]
[amandoyoga.cl/wp-content/plugins/js_composer/assets/vc/exclamation.png]
[amandoyoga.cl/wp-content/plugins/js_composer/assets/images/icons/address-book.png]
[amandoyoga.cl/wp-content/plugins/js_composer/assets/images/icons/alarm-clock.png]
[amandoyoga.cl/wp-content/plugins/js_composer/assets/images/icons/anchor.png]
[amandoyoga.cl/wp-content/plugins/js_composer/assets/images/icons/application-image.png]
[amandoyoga.cl/wp-content/plugins/js_composer/assets/images/icons/arrow.png]
[amandoyoga.cl/wp-content/plugins/js_composer/assets/images/icons/asterisk.png]
[amandoyoga.cl/wp-content/plugins/js_composer/assets/images/icons/auction-hammer.png]
[amandoyoga.cl/wp-content/plugins/js_composer/assets/images/icons/balloon.png]
[amandoyoga.cl/wp-content/plugins/js_composer/assets/images/icons/balloon-buzz.png]
[amandoyoga.cl/wp-content/plugins/js_composer/assets/images/icons/balloon-facebook.png]
[amandoyoga.cl/wp-content/plugins/js_composer/assets/images/icons/balloon-twitter.png]
[amandoyoga.cl/wp-content/plugins/js_composer/assets/images/icons/battery-full.png]
[amandoyoga.cl/wp-content/plugins/js_composer/assets/images/icons/binocular.png]
[amandoyoga.cl/wp-content/plugins/js_composer/assets/images/icons/blue-document-excel.png]
[amandoyoga.cl/wp-content/plugins/js_composer/assets/images/icons/blue-document-image.png]
[amandoyoga.cl/wp-content/plugins/js_composer/assets/images/icons/blue-document-music.png]
[amandoyoga.cl/wp-content/plugins/js_composer/assets/images/icons/blue-document-office.png]
[amandoyoga.cl/wp-content/plugins/js_composer/assets/images/icons/blue-document-pdf.png]
[amandoyoga.cl/wp-content/plugins/js_composer/assets/images/icons/blue-document-powerpoint.png]
[amandoyoga.cl/wp-content/plugins/js_composer/assets/images/icons/blue-document-word.png]
[amandoyoga.cl/wp-content/plugins/js_composer/assets/images/icons/bookmark.png]
[amandoyoga.cl/wp-content/plugins/js_composer/assets/images/icons/camcorder.png]
[amandoyoga.cl/wp-content/plugins/js_composer/assets/images/icons/camera.png]
[amandoyoga.cl/wp-content/plugins/js_composer/assets/images/icons/chart.png]
[amandoyoga.cl/wp-content/plugins/js_composer/assets/images/icons/chart-pie.png]
[amandoyoga.cl/wp-content/plugins/js_composer/assets/images/icons/clock.png]
[amandoyoga.cl/wp-content/plugins/js_composer/assets/images/icons/control.png]
[amandoyoga.cl/wp-content/plugins/js_composer/assets/images/icons/fire.png]
[amandoyoga.cl/wp-content/plugins/js_composer/assets/images/icons/heart.png]
[amandoyoga.cl/wp-content/plugins/js_composer/assets/images/icons/mail.png]
[amandoyoga.cl/wp-content/plugins/js_composer/assets/images/icons/plus-shield.png]
[amandoyoga.cl/wp-content/plugins/js_composer/assets/images/icons/video.png]
[amandoyoga.cl/wp-content/plugins/js_composer/assets/fonts/vc_icons_v2/fonts/vcpb-plugin-iconsb82a.eot]
[amandoyoga.cl/wp-content/plugins/js_composer/assets/fonts/vc_icons_v2/fonts/vcpb-plugin-iconsb82a.ttf]
[amandoyoga.cl/wp-content/plugins/js_composer/assets/fonts/vc_icons_v2/fonts/vcpb-plugin-iconsb82a.woff]
[amandoyoga.cl/wp-content/plugins/js_composer/assets/fonts/vc_icons_v2/fonts/vcpb-plugin-iconsb82a.svg]
[amandoyoga.cl/wp-content/plugins/js_composer/assets/images/toggle_open.png]
[amandoyoga.cl/wp-content/plugins/js_composer/assets/images/toggle_close.png]
[amandoyoga.cl/wp-content/plugins/js_composer/assets/images/flickr.png]
[amandoyoga.cl/wp-content/plugins/js_composer/assets/vc/blur.svg]
[amandoyoga.cl/wp-content/plugins/js_composer/assets/fonts/vc_grid/vc_grid_v157a1.eot]
[amandoyoga.cl/wp-content/plugins/js_composer/assets/fonts/vc_grid/vc_grid_v1d41d.eot]
[amandoyoga.cl/wp-content/plugins/js_composer/assets/fonts/vc_grid/vc_grid_v157a1.woff]
[amandoyoga.cl/wp-content/plugins/js_composer/assets/fonts/vc_grid/vc_grid_v157a1.ttf]
[amandoyoga.cl/wp-content/plugins/js_composer/assets/fonts/vc_grid/vc_grid_v157a1.svg]
[amandoyoga.cl/wp-content/plugins/js_composer/assets/images/spinner.gif]
[amandoyoga.cl/wp-content/plugins/js_composer/assets/vc/remove.png]
[amandoyoga.cl/wp-content/plugins/js_composer/assets/css/js_composer.mine1b2.css]
[amandoyoga.cl/cdn-cgi/l/email-protection.html]
[amandoyoga.cl/wp-content/plugins/js_composer/assets/lib/bower/font-awesome/css/v4-shims.mine1b2.css]
[amandoyoga.cl/wp-content/plugins/js_composer/assets/lib/bower/font-awesome/webfonts/fa-brands-400.eot]
[amandoyoga.cl/wp-content/plugins/js_composer/assets/lib/bower/font-awesome/webfonts/fa-brands-400d41d.eot]
[amandoyoga.cl/wp-content/plugins/js_composer/assets/lib/bower/font-awesome/webfonts/fa-brands-400.woff2]
[amandoyoga.cl/wp-content/plugins/js_composer/assets/lib/bower/font-awesome/webfonts/fa-brands-400.woff]
[amandoyoga.cl/wp-content/plugins/js_composer/assets/lib/bower/font-awesome/webfonts/fa-brands-400.ttf]
[amandoyoga.cl/wp-content/plugins/js_composer/assets/lib/bower/font-awesome/webfonts/fa-brands-400.svg]
[amandoyoga.cl/wp-content/plugins/js_composer/assets/lib/bower/font-awesome/webfonts/fa-regular-400.eot]
[amandoyoga.cl/wp-content/plugins/js_composer/assets/lib/bower/font-awesome/webfonts/fa-regular-400d41d.eot]
[amandoyoga.cl/wp-content/plugins/js_composer/assets/lib/bower/font-awesome/webfonts/fa-regular-400.woff2]
[amandoyoga.cl/wp-content/plugins/js_composer/assets/lib/bower/font-awesome/webfonts/fa-regular-400.woff]
[amandoyoga.cl/wp-content/plugins/js_composer/assets/lib/bower/font-awesome/webfonts/fa-regular-400.ttf]
[amandoyoga.cl/wp-content/plugins/js_composer/assets/lib/bower/font-awesome/webfonts/fa-regular-400.svg]
[amandoyoga.cl/wp-content/plugins/js_composer/assets/lib/bower/font-awesome/webfonts/fa-solid-900.eot]
[amandoyoga.cl/wp-content/plugins/js_composer/assets/lib/bower/font-awesome/webfonts/fa-solid-900d41d.eot]
[amandoyoga.cl/wp-content/plugins/js_composer/assets/lib/bower/font-awesome/webfonts/fa-solid-900.woff2]
[amandoyoga.cl/wp-content/plugins/js_composer/assets/lib/bower/font-awesome/webfonts/fa-solid-900.woff]
[amandoyoga.cl/wp-content/plugins/js_composer/assets/lib/bower/font-awesome/webfonts/fa-solid-900.ttf]
[amandoyoga.cl/wp-content/plugins/js_composer/assets/lib/bower/font-awesome/css/all.mine1b2.css]
[amandoyoga.cl/wp-content/plugins/js_composer/assets/lib/bower/font-awesome/webfonts/fa-solid-900.svg]
[amandoyoga.cl/wp-content/plugins/revslider/public/assets/fonts/revicons/revicons90c6.eot]
[amandoyoga.cl/wp-content/plugins/revslider/public/assets/fonts/revicons/revicons90c6.woff]
[amandoyoga.cl/wp-content/plugins/revslider/public/assets/fonts/revicons/revicons90c6.ttf]
[amandoyoga.cl/wp-content/plugins/revslider/public/assets/fonts/revicons/revicons90c6.svg]
[amandoyoga.cl/wp-content/plugins/revslider/public/assets/assets/gridtile.png]
[amandoyoga.cl/wp-content/plugins/revslider/public/assets/assets/gridtile_white.png]
[amandoyoga.cl/wp-content/plugins/revslider/public/assets/assets/gridtile_3x3.png]
[amandoyoga.cl/wp-content/plugins/revslider/public/assets/assets/gridtile_3x3_white.png]
[amandoyoga.cl/wp-content/plugins/revslider/public/assets/assets/coloredbg.png]
[amandoyoga.cl/wp-content/plugins/revslider/public/assets/assets/loader.gif]
[amandoyoga.cl/wp-content/plugins/revslider/public/assets/css/rs677e5.css]
[amandoyoga.cl/wp-content/themes/blade/fonts/fontawesome-webfont3e6e.svg]
[amandoyoga.cl/wp-content/themes/blade/fonts/blade-fonts/blade-iconse209.svg]
[amandoyoga.cl/wp-content/plugins/js_composer/assets/fonts/vc_icons_v2/fonts/vcpb-plugin-iconsb82a.svg]
[amandoyoga.cl/wp-content/plugins/js_composer/assets/vc/blur.svg]
[amandoyoga.cl/wp-content/plugins/js_composer/assets/fonts/vc_grid/vc_grid_v157a1.svg]
[amandoyoga.cl/wp-content/plugins/js_composer/assets/lib/bower/font-awesome/webfonts/fa-brands-400.svg]
[amandoyoga.cl/wp-content/plugins/js_composer/assets/lib/bower/font-awesome/webfonts/fa-regular-400.svg]
[amandoyoga.cl/wp-content/plugins/js_composer/assets/lib/bower/font-awesome/webfonts/fa-solid-900.svg]
[amandoyoga.cl/wp-content/plugins/revslider/public/assets/fonts/revicons/revicons90c6.svg]
[amandoyoga.cl/wp-content/plugins/revslider/public/assets/css/openhand.html]
[amandoyoga.cl/wp-content/plugins/revslider/public/assets/css/closedhand.html]
